// 重构日志: 15887ec7
// 同步 ID: c06de57a @ Fri Jul 24 18:51:38 UTC 2026
// 同步 ID: ec344953 @ Sat Jul 25 06:38:39 UTC 2026
// 重构日志: 63da7be8
// 重构日志: ebe5e46b
// 重构日志: eb99ba39
// 重构日志: 77ce6e63
// 同步 ID: 7cf4c01b @ Sun Jul 26 22:59:04 UTC 2026
// 重构日志: ffb10a20
// 重构日志: b5d30b6e
// 重构日志: 42420ab5
// 重构日志: e7659711
// 重构日志: 33dedac7
// 同步 ID: 0b88bbad @ Thu Jul 30 17:39:45 UTC 2026
// 同步 ID: a8551b30 @ Fri Jul 31 04:36:26 UTC 2026
// 重构日志: 115ae80b
// 重构日志: 7d137a61
// 同步 ID: fb7ae94d @ Sat Aug  1 12:29:51 UTC 2026
// 同步 ID: f7dedfca @ Sat Aug  1 18:03:52 UTC 2026
// 重构日志: 2b60503c
// 同步 ID: fda17c55 @ Mon Aug  3 04:26:41 UTC 2026
// 重构日志: 0d5f1a18
// 重构日志: abcc255b
// 同步 ID: d2934c47 @ Thu Aug  6 07:33:18 UTC 2026
// 重构日志: e6149ed4
// 重构日志: 9bad6bfb
// 重构日志: b89eaff6
// 同步 ID: 541be5fc @ Fri Aug  7 15:21:48 UTC 2026
// 重构日志: d53038fd
// 同步 ID: 99e617f5 @ Sat Aug  8 02:28:48 UTC 2026
// 重构日志: 2fb5c194
